{
    "Date and Time": [
        "Tue Jan 16 09:38:07 AM UTC 2024"
    ],
    "Uptime": [
        "09:38:07 up 13:00,  1 user,  load average: 0.00, 0.03, 0.00"
    ],
    "Current Users": [
        "gabriel  tty1         2024-01-15 12:47"
    ],
    "Memory Usage": [
        "total        used        free      shared  buff/cache   available",
        "Mem:           3.8Gi       249Mi       2.8Gi       1.0Mi       783Mi       3.3Gi",
        "Swap:          3.8Gi          0B       3.8Gi"
    ],
    "Disk Usage": [
        "Filesystem                         Size  Used Avail Use% Mounted on",
        "tmpfs                              387M  1.1M  386M   1% /run",
        "/dev/mapper/ubuntu--vg-ubuntu--lv   23G  6.8G   15G  31% /",
        "tmpfs                              1.9G     0  1.9G   0% /dev/shm",
        "tmpfs                              5.0M     0  5.0M   0% /run/lock",
        "/dev/sda2                          2.0G  129M  1.7G   8% /boot",
        "tmpfs                              387M  4.0K  387M   1% /run/user/1000"
    ],
    "CPU Load": [
        "CPU Load: 0.00"
    ],
    "Network Interfaces and IP Addresses": [
        "1: lo: <LOOPBACK,UP,LOWER_UP> mtu 65536 qdisc noqueue state UNKNOWN group default qlen 1000",
        "link/loopback 00:00:00:00:00:00 brd 00:00:00:00:00:00",
        "inet 127.0.0.1/8 scope host lo",
        "valid_lft forever preferred_lft forever",
        "inet6 ::1/128 scope host",
        "valid_lft forever preferred_lft forever",
        "2: enp0s3: <BROADCAST,MULTICAST,UP,LOWER_UP> mtu 1500 qdisc fq_codel state UP group default qlen 1000",
        "link/ether 08:00:27:09:9d:06 brd ff:ff:ff:ff:ff:ff",
        "inet 10.0.2.15/24 metric 100 brd 10.0.2.255 scope global dynamic enp0s3",
        "valid_lft 71741sec preferred_lft 71741sec",
        "inet6 fe80::a00:27ff:fe09:9d06/64 scope link",
        "valid_lft forever preferred_lft forever"
    ]
}